germano@germano-VirtLinuxMint ~/MiaRepo_file_update $ echo "Ulteriore modifica del file per esempio log di procedura" >> FileProva.txt
germano@germano-VirtLinuxMint ~/MiaRepo_file_update $ cat FileProva.txt
File prova per repository FrGermano
Aggiunta di una riga di testo per generare un nuovo commit
Ulteriore modifica del file per esempio log di procedura
germano@germano-VirtLinuxMint ~/MiaRepo_file_update $ git commit
# On branch master
# Changes not staged for commit:
#   (use "git add <file>..." to update what will be committed)
#   (use "git checkout -- <file>..." to discard changes in working directory)
#
#	modified:   FileProva.txt
#
no changes added to commit (use "git add" and/or "git commit -a")
germano@germano-VirtLinuxMint ~/MiaRepo_file_update $ git commit -a -s -m 'AGGIUNTA DI UNA RIGA AL FINE DI MOSTRARE LA PROCEDURA DI MODIFICA A LOG DI SHELL'
[master 498777e] AGGIUNTA DI UNA RIGA AL FINE DI MOSTRARE LA PROCEDURA DI MODIFICA A LOG DI SHELL
 Committer: Germano  Franchini <germano@germano-VirtLinuxMint.(none)>
Your name and email address were configured automatically based
on your username and hostname. Please check that they are accurate.
You can suppress this message by setting them explicitly:

    git config --global user.name "Your Name"
    git config --global user.email you@example.com

After doing this, you may fix the identity used for this commit with:

    git commit --amend --reset-author

 1 file changed, 1 insertion(+)
germano@germano-VirtLinuxMint ~/MiaRepo_file_update $ git commit
# On branch master
# Your branch is ahead of 'origin/master' by 1 commit.
#
nothing to commit (working directory clean)
germano@germano-VirtLinuxMint ~/MiaRepo_file_update $ git log
commit 498777e9123161be1c83c0b1e2545f6a9bb7f02e
Author: Germano  Franchini <germano@germano-VirtLinuxMint.(none)>
Date:   Sat Jul 14 15:28:10 2018 +0200

    AGGIUNTA DI UNA RIGA AL FINE DI MOSTRARE LA PROCEDURA DI MODIFICA A LOG DI S
    
    Signed-off-by: Germano  Franchini <germano@germano-VirtLinuxMint.(none)>

commit b4ddc981306d595470d4b311157416da236a5b33
Author: Germano  Franchini <germano@germano-VirtLinuxMint.(none)>
Date:   Sat Jul 14 12:12:33 2018 +0200

    Aggiunta riga testo per generare terzo commit (da verificare)
    
    Signed-off-by: Germano  Franchini <germano@germano-VirtLinuxMint.(none)>

commit 01909da2fc76ecd2ce3c0cddc9b52e802f5a6da6
Author: FrGermano <germa.fr@tiscali.it>
Date:   Fri Jul 13 14:23:32 2018 +0000

    TRACCIATURA NUOVO FILE FileProva.txt

commit 3282edaa6a694ac3a7f36db00072090313f16b42
Author: FrGermano <40611628+FrGermano@users.noreply.github.com>
Date:   Fri Jul 13 10:47:33 2018 +0200

    Initial commit
(END)
[1]+  Stopped                 git log
                        

germano@germano-VirtLinuxMint ~/MiaRepo_file_update $ git diff FileProva.txt
germano@germano-VirtLinuxMint ~/MiaRepo_file_update $ git push
Username for 'https://github.com': FrGermano
Password for 'https://FrGermano@github.com': 
To https://github.com/FrGermano/MiaRepo_file_update
   b4ddc98..498777e  master -> master
germano@germano-VirtLinuxMint ~/MiaRepo_file_update $ git log
commit 498777e9123161be1c83c0b1e2545f6a9bb7f02e
Author: Germano  Franchini <germano@germano-VirtLinuxMint.(none)>
Date:   Sat Jul 14 15:28:10 2018 +0200

    AGGIUNTA DI UNA RIGA AL FINE DI MOSTRARE LA PROCEDURA DI MODIFICA A LOG DI S
    
    Signed-off-by: Germano  Franchini <germano@germano-VirtLinuxMint.(none)>

commit b4ddc981306d595470d4b311157416da236a5b33
Author: Germano  Franchini <germano@germano-VirtLinuxMint.(none)>
Date:   Sat Jul 14 12:12:33 2018 +0200

    Aggiunta riga testo per generare terzo commit (da verificare)
    
    Signed-off-by: Germano  Franchini <germano@germano-VirtLinuxMint.(none)>

commit 01909da2fc76ecd2ce3c0cddc9b52e802f5a6da6
Author: FrGermano <germa.fr@tiscali.it>
Date:   Fri Jul 13 14:23:32 2018 +0000

    TRACCIATURA NUOVO FILE FileProva.txt

commit 3282edaa6a694ac3a7f36db00072090313f16b42
Author: FrGermano <40611628+FrGermano@users.noreply.github.com>
Date:   Fri Jul 13 10:47:33 2018 +0200

    Initial commit
(END)
[2]+  Stopped                 git log

germano@germano-VirtLinuxMint ~/MiaRepo_file_update $ git status
# On branch master
nothing to commit (working directory clean)
germano@germano-VirtLinuxMint ~/MiaRepo_file_update $ git branch
* master
germano@germano-VirtLinuxMint ~/MiaRepo_file_update $ git diff FileProva.txt
germano@germano-VirtLinuxMint ~/MiaRepo_file_update $ git show
commit 498777e9123161be1c83c0b1e2545f6a9bb7f02e
Author: Germano  Franchini <germano@germano-VirtLinuxMint.(none)>
Date:   Sat Jul 14 15:28:10 2018 +0200

    AGGIUNTA DI UNA RIGA AL FINE DI MOSTRARE LA PROCEDURA DI MODIFICA A LOG DI S
    
    Signed-off-by: Germano  Franchini <germano@germano-VirtLinuxMint.(none)>

diff --git a/FileProva.txt b/FileProva.txt
index cbe17e5..4e58272 100644
--- a/FileProva.txt
+++ b/FileProva.txt
@@ -1,2 +1,3 @@
 File prova per repository FrGermano
 Aggiunta di una riga di testo per generare un nuovo commit
+Ulteriore modifica del file per esempio log di procedura
(END)
[3]+  Stopped                 git show

